[cloudera@quickstart ~]$ hive

Logging initialized using configuration in file:/etc/hive/conf.dist/hive-log4j.properties
WARNING: Hive CLI is deprecated and migration to Beeline is recommended.
hive> CREATE DATABASE practical3;
OK
Time taken: 2.021 seconds
hive> use practical3;
OK
Time taken: 0.186 seconds
hive> CREATE TABLE flight(fno int, year int, dest varchar(10), delay float);
OK
Time taken: 1.775 seconds
hive> ALTER TABLE flight rename to air_flight;
OK
Time taken: 0.532 seconds
hive> ALTER TABLE air_flight ADD COLUMNS(source varchar(10));
OK
Time taken: 0.357 seconds
hive> drop table flight;
OK
Time taken: 0.103 seconds
hive> desc air_flight;
OK
fno                 	int                 	                    
year                	int                 	                    
dest                	varchar(10)         	                    
delay               	float               	                    
source              	varchar(10)         	                    
Time taken: 0.812 seconds, Fetched: 5 row(s)
hive> CREATE TABLE flight(fno int, year int, dest varchar(10), delay float)
    >     row format delimited
    >     fields terminated by ','
    >     lines terminated by '\n'
    >     stored as textfile;
OK
Time taken: 0.296 seconds
hive> LOAD DATA local inpath 'data.txt' into table flight;
Loading data to table practical3.flight
Table practical3.flight stats: [numFiles=1, totalSize=84]
OK
Time taken: 2.653 seconds
hive> SELECT * FROM flight;
OK
923	2009	Mumbai	60.0
786	2008	Pune	78.0
1156	2009	Nagar	0.0
112	2008	New Delhi	50.0
Time taken: 1.663 seconds, Fetched: 4 row(s)
hive> CREATE EXTERNAL TABLE nflight(fno int, year int, source varchar(10))
    > row format delimited
    > fields terminated by ','
    > lines terminated by '\n'
    > stored as textfile;
OK
Time taken: 0.283 seconds
hive> select * from flight;
OK
923	2009	Mumbai	60.0
786	2008	Pune	78.0
1156	2009	Nagar	0.0
112	2008	New Delhi	50.0
Time taken: 0.203 seconds, Fetched: 4 row(s)
hive> select * from nflight;
OK
Time taken: 0.28 seconds
hive> INSERT INTO nflight value(923,2009,"Pune");
NoViableAltException(26@[])
	at org.apache.hadoop.hive.ql.parse.HiveParser.regularBody(HiveParser.java:40957)
	at org.apache.hadoop.hive.ql.parse.HiveParser.queryStatementExpressionBody(HiveParser.java:40183)
	at org.apache.hadoop.hive.ql.parse.HiveParser.queryStatementExpression(HiveParser.java:40059)
	at org.apache.hadoop.hive.ql.parse.HiveParser.execStatement(HiveParser.java:1519)
	at org.apache.hadoop.hive.ql.parse.HiveParser.statement(HiveParser.java:1057)
	at org.apache.hadoop.hive.ql.parse.ParseDriver.parse(ParseDriver.java:199)
	at org.apache.hadoop.hive.ql.parse.ParseDriver.parse(ParseDriver.java:166)
	at org.apache.hadoop.hive.ql.Driver.compile(Driver.java:393)
	at org.apache.hadoop.hive.ql.Driver.compile(Driver.java:307)
	at org.apache.hadoop.hive.ql.Driver.compileInternal(Driver.java:1110)
	at org.apache.hadoop.hive.ql.Driver.runInternal(Driver.java:1158)
	at org.apache.hadoop.hive.ql.Driver.run(Driver.java:1047)
	at org.apache.hadoop.hive.ql.Driver.run(Driver.java:1037)
	at org.apache.hadoop.hive.cli.CliDriver.processLocalCmd(CliDriver.java:207)
	at org.apache.hadoop.hive.cli.CliDriver.processCmd(CliDriver.java:159)
	at org.apache.hadoop.hive.cli.CliDriver.processLine(CliDriver.java:370)
	at org.apache.hadoop.hive.cli.CliDriver.executeDriver(CliDriver.java:756)
	at org.apache.hadoop.hive.cli.CliDriver.run(CliDriver.java:675)
	at org.apache.hadoop.hive.cli.CliDriver.main(CliDriver.java:615)
	at sun.reflect.NativeMethodAccessorImpl.invoke0(Native Method)
	at sun.reflect.NativeMethodAccessorImpl.invoke(NativeMethodAccessorImpl.java:57)
	at sun.reflect.DelegatingMethodAccessorImpl.invoke(DelegatingMethodAccessorImpl.java:43)
	at java.lang.reflect.Method.invoke(Method.java:606)
	at org.apache.hadoop.util.RunJar.run(RunJar.java:221)
	at org.apache.hadoop.util.RunJar.main(RunJar.java:136)
FAILED: ParseException line 1:20 cannot recognize input near 'value' '(' '923' in statement
hive> INSERT INTO nflight values(923,2009,'Pune');
Query ID = cloudera_20250417030101_54183837-1ca5-4993-9c08-b6cd7482735c
Total jobs = 3
Launching Job 1 out of 3
Number of reduce tasks is set to 0 since there's no reduce operator
Starting Job = job_1744880801902_0001, Tracking URL = http://quickstart.cloudera:8088/proxy/application_1744880801902_0001/
Kill Command = /usr/lib/hadoop/bin/hadoop job  -kill job_1744880801902_0001
Hadoop job information for Stage-1: number of mappers: 1; number of reducers: 0
2025-04-17 03:02:24,338 Stage-1 map = 0%,  reduce = 0%
2025-04-17 03:02:59,213 Stage-1 map = 100%,  reduce = 0%, Cumulative CPU 4.81 sec
MapReduce Total cumulative CPU time: 4 seconds 810 msec
Ended Job = job_1744880801902_0001
Stage-4 is selected by condition resolver.
Stage-3 is filtered out by condition resolver.
Stage-5 is filtered out by condition resolver.
Moving data to: hdfs://quickstart.cloudera:8020/user/hive/warehouse/practical3.db/nflight/.hive-staging_hive_2025-04-17_03-01-20_272_9014386160462034978-1/-ext-10000
Loading data to table practical3.nflight
Table practical3.nflight stats: [numFiles=1, numRows=1, totalSize=14, rawDataSize=13]
MapReduce Jobs Launched: 
Stage-Stage-1: Map: 1   Cumulative CPU: 4.81 sec   HDFS Read: 3940 HDFS Write: 88 SUCCESS
Total MapReduce CPU Time Spent: 4 seconds 810 msec
OK
Time taken: 102.417 seconds
hive> SELECT (a.fno, a.year, a.dest, a.delay, a.source)
    > from flight a join
    > [cloudera@quickstart ~]$ hive

Logging initialized using configuration in file:/etc/hive/conf.dist/hive-log4j.properties
WARNING: Hive CLI is deprecated and migration to Beeline is recommended.
hive> use practical3;
OK
Time taken: 1.683 seconds
hive> SELECT (a.fno, a.year, a.dest, a.delay, b.source)
    > from flight a join nflightb
    > on(a.fno = b.fno);
FAILED: ParseException line 1:13 missing ) at ',' near 'source'
line 1:48 missing EOF at ')' near 'source'
hive> SELECT a.fno, a.year, a.dest, a.delay, b.source
    > from flight a join nflightb
    > on(a.fno = b.fno);
FAILED: SemanticException [Error 10001]: Line 2:19 Table not found 'nflightb'
hive> SELECT a.fno, a.year, a.dest, a.delay, b.source
    > from flight a join nflight b
    > on(a.fno = b.fno);
Query ID = cloudera_20250417030808_152cce86-00df-427d-9158-2333171f78aa
Total jobs = 1
Execution log at: /tmp/cloudera/cloudera_20250417030808_152cce86-00df-427d-9158-2333171f78aa.log
2025-04-17 03:08:53	Starting to launch local task to process map join;	maximum memory = 1013645312
2025-04-17 03:09:02	Dump the side-table for tag: 1 with group count: 1 into file: file:/tmp/cloudera/23ef4a4b-63c3-49a7-bea7-13b5d5626fec/hive_2025-04-17_03-08-36_618_7978205507443917936-1/-local-10003/HashTable-Stage-3/MapJoin-mapfile01--.hashtable
2025-04-17 03:09:03	Uploaded 1 File to: file:/tmp/cloudera/23ef4a4b-63c3-49a7-bea7-13b5d5626fec/hive_2025-04-17_03-08-36_618_7978205507443917936-1/-local-10003/HashTable-Stage-3/MapJoin-mapfile01--.hashtable (286 bytes)
2025-04-17 03:09:03	End of local task; Time Taken: 9.315 sec.
Execution completed successfully
MapredLocal task succeeded
Launching Job 1 out of 1
Number of reduce tasks is set to 0 since there's no reduce operator
Starting Job = job_1744880801902_0002, Tracking URL = http://quickstart.cloudera:8088/proxy/application_1744880801902_0002/
Kill Command = /usr/lib/hadoop/bin/hadoop job  -kill job_1744880801902_0002
Hadoop job information for Stage-3: number of mappers: 1; number of reducers: 0
2025-04-17 03:09:45,537 Stage-3 map = 0%,  reduce = 0%
2025-04-17 03:10:15,411 Stage-3 map = 100%,  reduce = 0%, Cumulative CPU 4.94 sec
MapReduce Total cumulative CPU time: 4 seconds 940 msec
Ended Job = job_1744880801902_0002
MapReduce Jobs Launched: 
Stage-Stage-3: Map: 1   Cumulative CPU: 4.94 sec   HDFS Read: 6760 HDFS Write: 26 SUCCESS
Total MapReduce CPU Time Spent: 4 seconds 940 msec
OK
923	2009	Mumbai	60.0	Pune
Time taken: 101.406 seconds, Fetched: 1 row(s)
hive> select * from nflight;
OK
923	2009	Pune
Time taken: 0.265 seconds, Fetched: 1 row(s)
hive> select * from flight;
OK
923	2009	Mumbai	60.0
786	2008	Pune	78.0
1156	2009	Nagar	0.0
112	2008	New Delhi	50.0
Time taken: 0.211 seconds, Fetched: 4 row(s)
hive> CREATE INDEX flight_index ON table flight(fno)
    > as 'org.apache.hadoop.hive.ql.index.compact.CompactIndexHandler'
    > WITH DEFERRED REBUILD;
OK
Time taken: 1.419 seconds
hive> show tables;
OK
air_flight
flight
nflight
practical3__flight_flight_index__
Time taken: 0.224 seconds, Fetched: 4 row(s)

